// Jest Snapshot v1, https://goo.gl/fbAQLP

exports[`matches snapshots 1`] = `
<div>
  <button
    className="btn btn-sm btn-dark "
    data-target="#undefinedModalundefined"
    data-testid="editbutton"
    data-toggle="modal"
    type="button"
  >
     
     
  </button>
</div>
`;
